[linify.me/index.html]
[linify.me/stylesheets/style.css]
[maxcdn.bootstrapcdn.com/font-awesome/4.5.0/css/font-awesome.min.css]
[linify.me/apple-touch-icon-57x57.png]
[linify.me/apple-touch-icon-60x60.png]
[linify.me/apple-touch-icon-72x72.png]
[linify.me/apple-touch-icon-76x76.png]
[linify.me/apple-touch-icon-114x114.png]
[linify.me/apple-touch-icon-120x120.png]
[linify.me/apple-touch-icon-144x144.png]
[linify.me/apple-touch-icon-152x152.png]
[linify.me/apple-touch-icon-180x180.png]
[linify.me/favicon-32x32.png]
[linify.me/android-chrome-192x192.png]
[linify.me/favicon-96x96.png]
[linify.me/favicon-16x16.png]
[linify.me/manifest.json]
[linify.me/mstile-144x144.png]
[backblue.gif]
[fade.gif]
[index.html]
[linify.me/images/linify.png]
[linify.me/about.html]
[linify.me/javascripts/linesv2.js]
[linify.me/javascripts/FileSaver.min.js]
[linify.me/Download]
[www.google-analytics.com/analytics.js]
[connect.facebook.net/en_US/sdk.js]
[linify.me/index.html]
[linify.me/stylesheets/style.css]
[maxcdn.bootstrapcdn.com/font-awesome/4.5.0/css/font-awesome.min.css]
[linify.me/safari-pinned-tab.svg]
[platform.twitter.com/widgets.js]
[linify.me/IEno9Ht.html]
[i.imgur.com/IEno9Ht.png]
[linify.me/LNHvhuE.html]
[i.imgur.com/LNHvhuE.png]
[linify.me/about.html]
[linify.me/Download.html]
[connect.facebook.net/en_US/sdk.js]
[linify.me/IEno9Ht.html]
[linify.me/LNHvhuE.html]
